src/app/admin/page.tsx(4,28): error TS2307: Cannot find module '@/components/ui/scroll-area' or its corresponding type declarations.
src/components/admin/bookings/admin-booking-form.tsx(81,32): error TS18047: 'selectedCourt.price_per_hour' is possibly 'null'.
src/components/admin/bookings/bookings-calendar.tsx(32,25): error TS2339: Property 'date' does not exist on type '{ id: string; court_id: string | null; booked_by: string | null; team_id: string | null; booking_date: string; start_time: string; end_time: string; sport: string; status: "cancelled" | "pending" | "confirmed" | "completed"; total_amount: number; payment_status: "pending" | ... 1 more ... | "refunded"; created_at: s...'.
src/components/admin/bookings/bookings-calendar.tsx(33,23): error TS2339: Property 'date' does not exist on type '{ id: string; court_id: string | null; booked_by: string | null; team_id: string | null; booking_date: string; start_time: string; end_time: string; sport: string; status: "cancelled" | "pending" | "confirmed" | "completed"; total_amount: number; payment_status: "pending" | ... 1 more ... | "refunded"; created_at: s...'.
src/components/admin/bookings/bookings-calendar.tsx(36,30): error TS2339: Property 'total_price' does not exist on type '{ id: string; court_id: string | null; booked_by: string | null; team_id: string | null; booking_date: string; start_time: string; end_time: string; sport: string; status: "cancelled" | "pending" | "confirmed" | "completed"; total_amount: number; payment_status: "pending" | ... 1 more ... | "refunded"; created_at: s...'.
