src/app/admin/profile/profile-client.tsx(48,40): error TS2339: Property 'favorite_sports' does not exist on type '{ id: string; updated_at: string | null; username: string | null; full_name: string | null; avatar_url: string | null; website: string | null; role: "user" | "admin" | "moderator"; phone: string | null; }'.
src/app/courts/[id]/page.tsx(257,19): error TS2322: Type '{ id: string; court_id: string; user_id: string; rating: number; comment: string | null; created_at: string; }[]' is not assignable to type 'Review[]'.
  Property 'profiles' is missing in type '{ id: string; court_id: string; user_id: string; rating: number; comment: string | null; created_at: string; }' but required in type 'Review'.
src/app/profile/page.tsx(80,7): error TS2322: Type '{ id: any; role: any; status: any; team: { id: any; name: any; sport: any; logo_url: any; }[]; }[]' is not assignable to type 'TeamMembership[]'.
  Type '{ id: any; role: any; status: any; team: { id: any; name: any; sport: any; logo_url: any; }[]; }' is not assignable to type 'TeamMembership'.
    Types of property 'team' are incompatible.
      Type '{ id: any; name: any; sport: any; logo_url: any; }[]' is missing the following properties from type 'Team': id, name, sport, logo_url
src/app/profile/page.tsx(81,7): error TS2322: Type '{ id: any; booking_date: any; start_time: any; end_time: any; status: any; sport: any; court: { id: any; name: any; address: any; }[]; }[]' is not assignable to type 'Booking[]'.
  Type '{ id: any; booking_date: any; start_time: any; end_time: any; status: any; sport: any; court: { id: any; name: any; address: any; }[]; }' is not assignable to type 'Booking'.
    Types of property 'court' are incompatible.
      Type '{ id: any; name: any; address: any; }[]' is missing the following properties from type 'Court': id, name, address
src/components/admin/bookings/bookings-calendar.tsx(8,10): error TS2305: Module '"@/types"' has no exported member 'Booking'.
src/components/admin/bookings/bookings-table.tsx(26,10): error TS2305: Module '"@/types"' has no exported member 'Booking'.
src/components/courts/court-submission-form.tsx(26,3): error TS2300: Duplicate identifier 'CardTitle'.
src/components/courts/court-submission-form.tsx(27,3): error TS2300: Duplicate identifier 'CardDescription'.
src/components/courts/court-submission-form.tsx(28,3): error TS2300: Duplicate identifier 'CardTitle'.
src/components/courts/court-submission-form.tsx(29,3): error TS2300: Duplicate identifier 'CardDescription'.
src/components/home/FeaturesSection.tsx(154,15): error TS2322: Type '{ hidden: { opacity: number; y: number; }; visible: { opacity: number; y: number; transition: { duration: number; ease: number[]; }; }; }' is not assignable to type 'Variants'.
  Property 'visible' is incompatible with index signature.
    Type '{ opacity: number; y: number; transition: { duration: number; ease: number[]; }; }' is not assignable to type 'Variant'.
      Type '{ opacity: number; y: number; transition: { duration: number; ease: number[]; }; }' is not assignable to type 'TargetAndTransition'.
        Type '{ opacity: number; y: number; transition: { duration: number; ease: number[]; }; }' is not assignable to type '{ transition?: Transition<any> | undefined; transitionEnd?: ResolvedValues$1 | undefined; }'.
          Types of property 'transition' are incompatible.
            Type '{ duration: number; ease: number[]; }' is not assignable to type 'Transition<any> | undefined'.
              Type '{ duration: number; ease: number[]; }' is not assignable to type 'TransitionWithValueOverrides<any>'.
                Type '{ duration: number; ease: number[]; }' is not assignable to type 'ValueAnimationTransition<any>'.
                  Types of property 'ease' are incompatible.
                    Type 'number[]' is not assignable to type 'Easing | Easing[] | undefined'.
                      Type 'number[]' is not assignable to type 'EasingFunction | Easing[]'.
                        Type 'number[]' is not assignable to type 'Easing[]'.
                          Type 'number' is not assignable to type 'Easing'.
src/components/ui/switch.tsx(4,35): error TS2307: Cannot find module '@radix-ui/react-switch' or its corresponding type declarations.
